// Jest Snapshot v1, https://goo.gl/fbAQLP

exports[`AuthGuard component renders child routes when authenticated 1`] = `<div />`;
